2026-08-08 21:21:30  === 月更新開始（dry-run） ===
2026-08-08 21:21:30  中繼資料 OK：寬頻上網帳號數　上游更新於 2026-08-04 14:23:25
2026-08-08 21:21:30  檔案位址（取自 distribution[0]）：https://api.ncc.gov.tw/uploaddowndoc?file=datagov/1534084275152883712.csv&filedisplay=寬頻上網帳號數.cs…
2026-08-08 21:21:46  === 月更新開始（dry-run） ===
2026-08-08 21:21:46  中繼資料 OK：寬頻上網帳號數　上游更新於 2026-08-04 14:23:25
2026-08-08 21:21:46  檔案位址（取自 distribution[0]）：https://api.ncc.gov.tw/uploaddowndoc?file=datagov/1534084275152883712.csv&filedisplay=寬頻上網帳號數.cs…
2026-08-08 21:22:26  === 月更新開始（dry-run） ===
2026-08-08 21:22:26  中繼資料 OK：寬頻上網帳號數　上游更新於 2026-08-04 14:23:25
2026-08-08 21:22:26  檔案位址（取自 distribution[0]）：https://api.ncc.gov.tw/uploaddowndoc?file=datagov/1534084275152883712.csv&filedisplay=寬頻上網帳號數.cs…
2026-08-08 21:22:26  已下載到暫存：9,580 bytes
2026-08-08 21:22:26  最新月份：本地 2026-04　上游 2026-05
2026-08-08 21:22:26  契約驗證（--allow-growth：僅放寬列數與結束月，結構檢查維持嚴格）…
2026-08-08 21:22:26  ✅ 契約通過
2026-08-08 21:22:27  ✅ 接合校驗通過
2026-08-08 21:22:27  dry-run：已還原快照，未寫入資料庫、未重生看板
2026-08-08 21:22:27  === 月更新結束（dry-run）===

2026-08-08 21:22:45  === 月更新開始 ===
2026-08-08 21:22:45  中繼資料 OK：寬頻上網帳號數　上游更新於 2026-08-04 14:23:25
2026-08-08 21:22:45  檔案位址（取自 distribution[0]）：https://api.ncc.gov.tw/uploaddowndoc?file=datagov/1534084275152883712.csv&filedisplay=寬頻上網帳號數.cs…
2026-08-08 21:22:45  已下載到暫存：9,580 bytes
2026-08-08 21:22:45  最新月份：本地 2026-04　上游 2026-05
2026-08-08 21:22:45  契約驗證（--allow-growth：僅放寬列數與結束月，結構檢查維持嚴格）…
2026-08-08 21:22:46  ✅ 契約通過
2026-08-08 21:22:46  ✅ 接合校驗通過
2026-08-08 21:23:01  ✅ 落庫完成，冪等驗證通過
2026-08-08 21:23:01  ✅ 指標自檢通過
2026-08-08 21:23:02  ✅ 看板已重生（資料截止 2026-05）
2026-08-08 21:23:02  === 月更新完成：2026-04 → 2026-05 ===

2026-08-08 21:24:28  === 月更新開始 ===
2026-08-08 21:24:28  中繼資料 OK：寬頻上網帳號數　上游更新於 2026-08-04 14:23:25
2026-08-08 21:24:28  檔案位址（取自 distribution[0]）：https://api.ncc.gov.tw/uploaddowndoc?file=datagov/1534084275152883712.csv&filedisplay=寬頻上網帳號數.cs…
2026-08-08 21:24:28  已下載到暫存：9,580 bytes
2026-08-08 21:24:28  最新月份：本地 2026-05　上游 2026-05
2026-08-08 21:24:28  上游尚未發布新月份 → 正常結束，不視為錯誤（政府資料更新有延遲）
2026-08-08 21:24:28  === 月更新結束（無變更）===

